// Jest Snapshot v1, https://jestjs.io/docs/snapshot-testing

exports[`ReviewsList should match snapshot 1`] = `
<div>
  <div
    class="review-wall"
  >
    <div
      class="wall-head"
    >
      <span
        class="file-tag"
      >
        // REVIEW_WALL //
      </span>
      <div
        class="filters"
      >
        <button
          class="filter-btn active"
        >
          all
        </button>
        <button
          class="filter-btn love "
        >
          + love
        </button>
        <button
          class="filter-btn meh "
        >
          ~ meh
        </button>
        <button
          class="filter-btn hate "
        >
          - hate
        </button>
      </div>
    </div>
    <div>
      There are no reviews
    </div>
  </div>
</div>
`;
