// Jest Snapshot v1, https://jestjs.io/docs/snapshot-testing

exports[`ReviewForm should match snapshot 1`] = `
<div>
  <form
    class="review-form-container"
  >
    <div
      class="review-form-head"
    >
      <h2>
        SPIT OUT A REVIEW
      </h2>
      <span
        class="tag"
      >
        NO MODERATION
      </span>
    </div>
    <div
      class="review-form-body"
    >
      <div
        class="field"
      >
        <label>
          TARGET
        </label>
        <input
          readonly=""
          type="text"
          value="> "
        />
      </div>
      <div
        class="field"
      >
        <label>
          ALIAS
        </label>
        <input
          placeholder="e.g. urban_rat"
          type="text"
          value=""
        />
      </div>
      <div
        class="field"
      >
        <label>
          TITLE (MAX 
          100
          )
        </label>
        <input
          maxlength="100"
          placeholder="Summarize this like a movie synopsis where humanity's fate is on the line."
          type="text"
          value=""
        />
        <div
          class="char-count"
        >
          0
          /
          100
        </div>
      </div>
      <div
        class="field"
      >
        <label>
          VERDICT (MAX 
          500
          )
        </label>
        <textarea
          maxlength="500"
          placeholder="tell what happened. no filters. no suits reading."
        />
        <div
          class="char-count"
        >
          0
          /
          500
        </div>
      </div>
      <div
        class="karma-bar"
      >
        <label>
          KARMA
        </label>
        <div
          class="karma-bar"
        >
          <input
            aria-label="Karma level"
            class="karma-bar-input"
            max="5"
            min="0"
            name="rating"
            step="1"
            style="--karma-bar-percent: 0%;"
            type="range"
            value="0"
          />
          <div
            class="karma-bar-ticks"
          >
            <span
              class="karma-bar-tick active"
            >
              0
            </span>
            <span
              class="karma-bar-tick "
            >
              1
            </span>
            <span
              class="karma-bar-tick "
            >
              2
            </span>
            <span
              class="karma-bar-tick "
            >
              3
            </span>
            <span
              class="karma-bar-tick "
            >
              4
            </span>
            <span
              class="karma-bar-tick "
            >
              5
            </span>
          </div>
        </div>
      </div>
      <button
        class="post-btn"
        type="submit"
      >
        &gt;&gt; POST WITHOUT REGRET
      </button>
    </div>
  </form>
</div>
`;
