// Jest Snapshot v1, https://jestjs.io/docs/snapshot-testing

exports[`StarsRating should match snapshot 1`] = `
<div>
  <div
    aria-label="Rating"
    class="stars-rating-container"
    role="radiogroup"
  >
    <button
      aria-checked="false"
      aria-label="1 star"
      class="star-button"
      role="radio"
      type="button"
    >
      ☆
    </button>
    <button
      aria-checked="false"
      aria-label="2 stars"
      class="star-button"
      role="radio"
      type="button"
    >
      ☆
    </button>
    <button
      aria-checked="false"
      aria-label="3 stars"
      class="star-button"
      role="radio"
      type="button"
    >
      ☆
    </button>
    <button
      aria-checked="false"
      aria-label="4 stars"
      class="star-button"
      role="radio"
      type="button"
    >
      ☆
    </button>
    <button
      aria-checked="false"
      aria-label="5 stars"
      class="star-button"
      role="radio"
      type="button"
    >
      ☆
    </button>
  </div>
</div>
`;
